2026-04-21T18:28:46.609Z - Incorrect datetime value: '0000-00-00 00:00:00' for column `cosmetics_shop_db`.`users`.`createdAt` at row 1
2026-04-29T10:46:33.982Z - Cannot destructure property 'email' of 'req.body' as it is undefined.
2026-05-12T08:13:07.195Z - 
2026-05-12T08:14:45.098Z - Cannot find module 'ejs'
Require stack:
- C:\glowandcare\node_modules\express\lib\view.js
- C:\glowandcare\node_modules\express\lib\application.js
- C:\glowandcare\node_modules\express\lib\express.js
- C:\glowandcare\node_modules\express\index.js
- C:\glowandcare\server.js
2026-05-12T08:14:47.305Z - Cannot find module 'ejs'
Require stack:
- C:\glowandcare\node_modules\express\lib\view.js
- C:\glowandcare\node_modules\express\lib\application.js
- C:\glowandcare\node_modules\express\lib\express.js
- C:\glowandcare\node_modules\express\index.js
- C:\glowandcare\server.js
2026-05-12T08:16:27.413Z - Cannot find module 'ejs'
Require stack:
- C:\glowandcare\node_modules\express\lib\view.js
- C:\glowandcare\node_modules\express\lib\application.js
- C:\glowandcare\node_modules\express\lib\express.js
- C:\glowandcare\node_modules\express\index.js
- C:\glowandcare\server.js
2026-05-12T08:16:29.165Z - Cannot find module 'ejs'
Require stack:
- C:\glowandcare\node_modules\express\lib\view.js
- C:\glowandcare\node_modules\express\lib\application.js
- C:\glowandcare\node_modules\express\lib\express.js
- C:\glowandcare\node_modules\express\index.js
- C:\glowandcare\server.js
2026-05-12T08:16:29.646Z - Cannot find module 'ejs'
Require stack:
- C:\glowandcare\node_modules\express\lib\view.js
- C:\glowandcare\node_modules\express\lib\application.js
- C:\glowandcare\node_modules\express\lib\express.js
- C:\glowandcare\node_modules\express\index.js
- C:\glowandcare\server.js
2026-05-12T08:16:29.833Z - Cannot find module 'ejs'
Require stack:
- C:\glowandcare\node_modules\express\lib\view.js
- C:\glowandcare\node_modules\express\lib\application.js
- C:\glowandcare\node_modules\express\lib\express.js
- C:\glowandcare\node_modules\express\index.js
- C:\glowandcare\server.js
2026-05-12T08:16:30.059Z - Cannot find module 'ejs'
Require stack:
- C:\glowandcare\node_modules\express\lib\view.js
- C:\glowandcare\node_modules\express\lib\application.js
- C:\glowandcare\node_modules\express\lib\express.js
- C:\glowandcare\node_modules\express\index.js
- C:\glowandcare\server.js
2026-05-12T08:16:30.239Z - Cannot find module 'ejs'
Require stack:
- C:\glowandcare\node_modules\express\lib\view.js
- C:\glowandcare\node_modules\express\lib\application.js
- C:\glowandcare\node_modules\express\lib\express.js
- C:\glowandcare\node_modules\express\index.js
- C:\glowandcare\server.js
2026-05-12T08:16:30.417Z - Cannot find module 'ejs'
Require stack:
- C:\glowandcare\node_modules\express\lib\view.js
- C:\glowandcare\node_modules\express\lib\application.js
- C:\glowandcare\node_modules\express\lib\express.js
- C:\glowandcare\node_modules\express\index.js
- C:\glowandcare\server.js
2026-05-12T08:16:30.610Z - Cannot find module 'ejs'
Require stack:
- C:\glowandcare\node_modules\express\lib\view.js
- C:\glowandcare\node_modules\express\lib\application.js
- C:\glowandcare\node_modules\express\lib\express.js
- C:\glowandcare\node_modules\express\index.js
- C:\glowandcare\server.js
2026-05-12T08:16:30.792Z - Cannot find module 'ejs'
Require stack:
- C:\glowandcare\node_modules\express\lib\view.js
- C:\glowandcare\node_modules\express\lib\application.js
- C:\glowandcare\node_modules\express\lib\express.js
- C:\glowandcare\node_modules\express\index.js
- C:\glowandcare\server.js
2026-05-12T08:16:30.959Z - Cannot find module 'ejs'
Require stack:
- C:\glowandcare\node_modules\express\lib\view.js
- C:\glowandcare\node_modules\express\lib\application.js
- C:\glowandcare\node_modules\express\lib\express.js
- C:\glowandcare\node_modules\express\index.js
- C:\glowandcare\server.js
2026-05-12T08:16:31.124Z - Cannot find module 'ejs'
Require stack:
- C:\glowandcare\node_modules\express\lib\view.js
- C:\glowandcare\node_modules\express\lib\application.js
- C:\glowandcare\node_modules\express\lib\express.js
- C:\glowandcare\node_modules\express\index.js
- C:\glowandcare\server.js
2026-05-12T08:16:31.286Z - Cannot find module 'ejs'
Require stack:
- C:\glowandcare\node_modules\express\lib\view.js
- C:\glowandcare\node_modules\express\lib\application.js
- C:\glowandcare\node_modules\express\lib\express.js
- C:\glowandcare\node_modules\express\index.js
- C:\glowandcare\server.js
2026-05-12T08:16:31.451Z - Cannot find module 'ejs'
Require stack:
- C:\glowandcare\node_modules\express\lib\view.js
- C:\glowandcare\node_modules\express\lib\application.js
- C:\glowandcare\node_modules\express\lib\express.js
- C:\glowandcare\node_modules\express\index.js
- C:\glowandcare\server.js
2026-05-12T08:16:31.618Z - Cannot find module 'ejs'
Require stack:
- C:\glowandcare\node_modules\express\lib\view.js
- C:\glowandcare\node_modules\express\lib\application.js
- C:\glowandcare\node_modules\express\lib\express.js
- C:\glowandcare\node_modules\express\index.js
- C:\glowandcare\server.js
2026-05-12T08:16:31.809Z - Cannot find module 'ejs'
Require stack:
- C:\glowandcare\node_modules\express\lib\view.js
- C:\glowandcare\node_modules\express\lib\application.js
- C:\glowandcare\node_modules\express\lib\express.js
- C:\glowandcare\node_modules\express\index.js
- C:\glowandcare\server.js
2026-05-12T08:16:31.961Z - Cannot find module 'ejs'
Require stack:
- C:\glowandcare\node_modules\express\lib\view.js
- C:\glowandcare\node_modules\express\lib\application.js
- C:\glowandcare\node_modules\express\lib\express.js
- C:\glowandcare\node_modules\express\index.js
- C:\glowandcare\server.js
2026-05-12T08:16:32.189Z - Cannot find module 'ejs'
Require stack:
- C:\glowandcare\node_modules\express\lib\view.js
- C:\glowandcare\node_modules\express\lib\application.js
- C:\glowandcare\node_modules\express\lib\express.js
- C:\glowandcare\node_modules\express\index.js
- C:\glowandcare\server.js
2026-05-12T08:53:21.929Z - 
2026-05-12T08:55:31.403Z - Cannot find module 'ejs'
Require stack:
- C:\glowandcare\node_modules\express\lib\view.js
- C:\glowandcare\node_modules\express\lib\application.js
- C:\glowandcare\node_modules\express\lib\express.js
- C:\glowandcare\node_modules\express\index.js
- C:\glowandcare\server.js
2026-05-12T08:55:31.631Z - Cannot find module 'ejs'
Require stack:
- C:\glowandcare\node_modules\express\lib\view.js
- C:\glowandcare\node_modules\express\lib\application.js
- C:\glowandcare\node_modules\express\lib\express.js
- C:\glowandcare\node_modules\express\index.js
- C:\glowandcare\server.js
2026-05-12T08:55:34.905Z - Cannot find module 'ejs'
Require stack:
- C:\glowandcare\node_modules\express\lib\view.js
- C:\glowandcare\node_modules\express\lib\application.js
- C:\glowandcare\node_modules\express\lib\express.js
- C:\glowandcare\node_modules\express\index.js
- C:\glowandcare\server.js
